mode: atomic
github.com/alexshd/lawtest/lawtest.go:160.30,165.2 1 65
github.com/alexshd/lawtest/lawtest.go:181.80,183.2 1 5
github.com/alexshd/lawtest/lawtest.go:193.103,196.37 2 10
github.com/alexshd/lawtest/lawtest.go:196.37,205.20 4 1100
github.com/alexshd/lawtest/lawtest.go:205.20,209.4 2 0
github.com/alexshd/lawtest/lawtest.go:227.80,229.2 1 5
github.com/alexshd/lawtest/lawtest.go:232.103,235.37 2 6
github.com/alexshd/lawtest/lawtest.go:235.37,241.20 4 700
github.com/alexshd/lawtest/lawtest.go:241.20,245.4 2 0
github.com/alexshd/lawtest/lawtest.go:267.89,269.2 1 5
github.com/alexshd/lawtest/lawtest.go:272.112,275.37 2 8
github.com/alexshd/lawtest/lawtest.go:275.37,280.22 3 900
github.com/alexshd/lawtest/lawtest.go:280.22,284.4 2 0
github.com/alexshd/lawtest/lawtest.go:287.3,288.23 2 900
github.com/alexshd/lawtest/lawtest.go:288.23,292.4 2 0
github.com/alexshd/lawtest/lawtest.go:315.108,317.2 1 2
github.com/alexshd/lawtest/lawtest.go:320.127,323.37 2 3
github.com/alexshd/lawtest/lawtest.go:323.37,329.29 4 300
github.com/alexshd/lawtest/lawtest.go:329.29,333.4 2 0
github.com/alexshd/lawtest/lawtest.go:336.3,337.30 2 300
github.com/alexshd/lawtest/lawtest.go:337.30,341.4 2 0
github.com/alexshd/lawtest/lawtest.go:360.69,364.26 2 6
github.com/alexshd/lawtest/lawtest.go:364.26,372.26 5 60
github.com/alexshd/lawtest/lawtest.go:372.26,376.4 2 0
github.com/alexshd/lawtest/lawtest.go:379.2,379.69 1 6
github.com/alexshd/lawtest/lawtest.go:408.78,410.2 1 1
github.com/alexshd/lawtest/lawtest.go:413.101,416.37 2 2
github.com/alexshd/lawtest/lawtest.go:416.37,422.16 4 200
github.com/alexshd/lawtest/lawtest.go:422.16,426.4 2 0
github.com/alexshd/lawtest/lawtest.go:443.42,444.15 1 1326
github.com/alexshd/lawtest/lawtest.go:444.15,445.63 1 1
github.com/alexshd/lawtest/lawtest.go:447.2,447.20 1 1325
github.com/alexshd/lawtest/lawtest.go:447.20,449.3 1 4550
github.com/alexshd/lawtest/lawtest.go:472.41,474.23 2 421
github.com/alexshd/lawtest/lawtest.go:474.23,476.20 2 820
github.com/alexshd/lawtest/lawtest.go:476.20,478.4 1 4100
github.com/alexshd/lawtest/lawtest.go:479.3,479.19 1 820
github.com/alexshd/lawtest/lawtest.go:491.54,492.15 1 2
github.com/alexshd/lawtest/lawtest.go:492.15,493.63 1 1
github.com/alexshd/lawtest/lawtest.go:495.2,495.24 1 1
github.com/alexshd/lawtest/lawtest.go:495.24,497.3 1 200
github.com/alexshd/lawtest/lawtest.go:506.32,507.21 1 1
github.com/alexshd/lawtest/lawtest.go:507.21,509.3 1 700
github.com/alexshd/lawtest/lawtest.go:710.56,712.2 1 1
github.com/alexshd/lawtest/lawtest.go:715.79,718.44 2 1
github.com/alexshd/lawtest/lawtest.go:718.44,720.3 1 1
github.com/alexshd/lawtest/lawtest.go:722.2,722.39 1 1
github.com/alexshd/lawtest/lawtest.go:722.39,724.3 1 1
github.com/alexshd/lawtest/lawtest.go:726.2,726.38 1 1
github.com/alexshd/lawtest/lawtest.go:726.38,728.3 1 1
github.com/alexshd/lawtest/lawtest.go:730.2,730.38 1 1
github.com/alexshd/lawtest/lawtest.go:730.38,732.3 1 1
github.com/alexshd/lawtest/lawtest.go:748.58,750.2 1 1
github.com/alexshd/lawtest/lawtest.go:753.81,756.44 2 1
github.com/alexshd/lawtest/lawtest.go:756.44,758.3 1 1
github.com/alexshd/lawtest/lawtest.go:760.2,760.39 1 1
github.com/alexshd/lawtest/lawtest.go:760.39,762.3 1 1
github.com/alexshd/lawtest/lawtest.go:764.2,764.38 1 1
github.com/alexshd/lawtest/lawtest.go:764.38,766.3 1 1
github.com/alexshd/lawtest/lawtest.go:781.64,783.2 1 1
github.com/alexshd/lawtest/lawtest.go:786.87,789.44 2 1
github.com/alexshd/lawtest/lawtest.go:789.44,791.3 1 1
github.com/alexshd/lawtest/lawtest.go:793.2,793.38 1 1
github.com/alexshd/lawtest/lawtest.go:793.38,795.3 1 1
github.com/alexshd/lawtest/lawtest.go:806.71,808.2 1 1
github.com/alexshd/lawtest/lawtest.go:811.94,814.42 2 1
github.com/alexshd/lawtest/lawtest.go:814.42,816.3 1 1
github.com/alexshd/lawtest/lawtest.go:831.76,833.2 1 1
github.com/alexshd/lawtest/lawtest.go:836.99,842.49 4 1
github.com/alexshd/lawtest/lawtest.go:842.49,844.38 1 1
github.com/alexshd/lawtest/lawtest.go:844.38,857.19 8 100
github.com/alexshd/lawtest/lawtest.go:857.19,861.5 2 0
github.com/alexshd/lawtest/lawtest.go:865.2,865.48 1 1
github.com/alexshd/lawtest/lawtest.go:865.48,872.39 4 1
github.com/alexshd/lawtest/lawtest.go:872.39,875.4 1 0
github.com/alexshd/lawtest/lawtest.go:885.89,891.33 3 0
github.com/alexshd/lawtest/lawtest.go:891.33,893.3 1 0
github.com/alexshd/lawtest/lawtest.go:896.2,896.65 1 0
github.com/alexshd/lawtest/lawtest.go:896.65,898.3 1 0
github.com/alexshd/lawtest/lawtest.go:905.2,905.13 1 0
github.com/alexshd/lawtest/lawtest.go:905.13,907.3 1 0
github.com/alexshd/lawtest/lawtest.go:909.2,909.13 1 0
github.com/alexshd/lawtest/lawtest.go:909.13,911.3 1 0
github.com/alexshd/lawtest/lawtest.go:911.8,913.3 1 0
github.com/alexshd/lawtest/lawtest.go:945.102,947.2 1 1
github.com/alexshd/lawtest/lawtest.go:950.125,953.20 2 1
github.com/alexshd/lawtest/lawtest.go:953.20,955.3 1 0
github.com/alexshd/lawtest/lawtest.go:958.2,959.26 2 1
github.com/alexshd/lawtest/lawtest.go:959.26,961.3 1 100
github.com/alexshd/lawtest/lawtest.go:964.2,967.34 3 1
github.com/alexshd/lawtest/lawtest.go:967.34,968.19 1 10
github.com/alexshd/lawtest/lawtest.go:968.19,969.17 1 10
github.com/alexshd/lawtest/lawtest.go:969.17,970.33 1 10
github.com/alexshd/lawtest/lawtest.go:970.33,972.6 1 0
github.com/alexshd/lawtest/lawtest.go:973.5,973.17 1 10
github.com/alexshd/lawtest/lawtest.go:977.4,977.41 1 10
github.com/alexshd/lawtest/lawtest.go:977.41,979.5 1 990
github.com/alexshd/lawtest/lawtest.go:984.2,984.34 1 1
github.com/alexshd/lawtest/lawtest.go:984.34,986.3 1 10
github.com/alexshd/lawtest/lawtest.go:989.2,991.26 3 1
github.com/alexshd/lawtest/lawtest.go:991.26,994.3 2 0
github.com/alexshd/lawtest/lawtest.go:996.2,996.15 1 1
github.com/alexshd/lawtest/lawtest.go:996.15,999.3 2 0
github.com/alexshd/lawtest/lawtest.go:1001.2,1002.13 2 1
github.com/alexshd/lawtest/lawtest.go:1026.110,1028.2 1 1
github.com/alexshd/lawtest/lawtest.go:1031.133,1034.20 2 1
github.com/alexshd/lawtest/lawtest.go:1034.20,1036.3 1 0
github.com/alexshd/lawtest/lawtest.go:1039.2,1039.41 1 1
github.com/alexshd/lawtest/lawtest.go:1039.41,1041.3 1 1
github.com/alexshd/lawtest/lawtest.go:1044.2,1044.41 1 1
github.com/alexshd/lawtest/lawtest.go:1044.41,1056.29 5 1
github.com/alexshd/lawtest/lawtest.go:1056.29,1058.4 1 0
github.com/alexshd/lawtest/lawtest.go:1060.3,1060.35 1 1
github.com/alexshd/lawtest/lawtest.go:1060.35,1061.14 1 10
github.com/alexshd/lawtest/lawtest.go:1061.14,1062.18 1 10
github.com/alexshd/lawtest/lawtest.go:1062.18,1062.34 1 10
github.com/alexshd/lawtest/lawtest.go:1064.5,1064.44 1 10
github.com/alexshd/lawtest/lawtest.go:1064.44,1070.6 4 100
github.com/alexshd/lawtest/lawtest.go:1075.3,1075.13 1 1
github.com/alexshd/lawtest/lawtest.go:1075.13,1076.36 1 1
github.com/alexshd/lawtest/lawtest.go:1076.36,1078.5 1 10
github.com/alexshd/lawtest/lawtest.go:1079.4,1079.18 1 1
github.com/alexshd/lawtest/lawtest.go:1083.3,1084.27 2 1
github.com/alexshd/lawtest/lawtest.go:1084.27,1085.27 1 100
github.com/alexshd/lawtest/lawtest.go:1085.27,1089.22 3 0
github.com/alexshd/lawtest/lawtest.go:1089.22,1090.11 1 0
github.com/alexshd/lawtest/lawtest.go:1095.3,1095.20 1 1
github.com/alexshd/lawtest/lawtest.go:1095.20,1097.4 1 1
github.com/alexshd/lawtest/lawtest.go:1097.9,1099.4 1 0
github.com/alexshd/lawtest/lawtest.go:1128.80,1130.2 1 1
github.com/alexshd/lawtest/lawtest.go:1133.103,1136.37 2 1
github.com/alexshd/lawtest/lawtest.go:1136.37,1147.21 5 100
github.com/alexshd/lawtest/lawtest.go:1147.21,1151.4 2 0
github.com/alexshd/lawtest/lawtest.go:1153.3,1153.21 1 100
github.com/alexshd/lawtest/lawtest.go:1153.21,1157.4 2 0
github.com/alexshd/lawtest/lawtest.go:1160.2,1160.63 1 1
github.com/alexshd/lawtest/lawtest.go:1173.99,1175.2 1 1
github.com/alexshd/lawtest/lawtest.go:1178.122,1181.37 2 4
github.com/alexshd/lawtest/lawtest.go:1181.37,1190.23 4 400
github.com/alexshd/lawtest/lawtest.go:1190.23,1194.4 2 0
github.com/alexshd/lawtest/lawtest.go:1197.2,1197.61 1 4
github.com/alexshd/lawtest/lawtest.go:1210.99,1212.2 1 1
github.com/alexshd/lawtest/lawtest.go:1215.122,1218.37 2 1
github.com/alexshd/lawtest/lawtest.go:1218.37,1231.24 5 100
github.com/alexshd/lawtest/lawtest.go:1231.24,1235.4 2 0
github.com/alexshd/lawtest/lawtest.go:1237.3,1237.24 1 100
github.com/alexshd/lawtest/lawtest.go:1237.24,1241.4 2 0
github.com/alexshd/lawtest/lawtest.go:1244.2,1244.63 1 1
github.com/alexshd/lawtest/lawtest.go:1257.121,1259.2 1 2
github.com/alexshd/lawtest/lawtest.go:1262.144,1275.34 6 2
github.com/alexshd/lawtest/lawtest.go:1275.34,1276.20 1 30
github.com/alexshd/lawtest/lawtest.go:1276.20,1279.4 2 30
github.com/alexshd/lawtest/lawtest.go:1283.2,1283.34 1 2
github.com/alexshd/lawtest/lawtest.go:1283.34,1285.3 1 30
github.com/alexshd/lawtest/lawtest.go:1288.2,1288.33 1 2
github.com/alexshd/lawtest/lawtest.go:1288.33,1289.28 1 30
github.com/alexshd/lawtest/lawtest.go:1289.28,1293.4 2 0
github.com/alexshd/lawtest/lawtest.go:1296.2,1297.13 2 2
github.com/alexshd/lawtest/lawtest.go:1336.89,1340.34 3 2
github.com/alexshd/lawtest/lawtest.go:1340.34,1345.25 4 200
github.com/alexshd/lawtest/lawtest.go:1345.25,1349.4 2 0
github.com/alexshd/lawtest/lawtest.go:1352.2,1353.13 2 2
github.com/alexshd/lawtest/lawtest.go:1398.108,1402.34 3 1
github.com/alexshd/lawtest/lawtest.go:1402.34,1407.28 4 100
github.com/alexshd/lawtest/lawtest.go:1407.28,1411.4 2 0
github.com/alexshd/lawtest/lawtest.go:1414.2,1415.13 2 1
github.com/alexshd/lawtest/lawtest.go:1438.108,1440.2 1 1
github.com/alexshd/lawtest/lawtest.go:1443.131,1446.37 2 4
github.com/alexshd/lawtest/lawtest.go:1446.37,1451.26 3 400
github.com/alexshd/lawtest/lawtest.go:1451.26,1455.4 2 0
github.com/alexshd/lawtest/lawtest.go:1458.3,1459.25 2 400
github.com/alexshd/lawtest/lawtest.go:1459.25,1463.4 2 0
github.com/alexshd/lawtest/lawtest.go:1466.2,1466.62 1 4
github.com/alexshd/lawtest/lawtest.go:1481.123,1483.2 1 1
github.com/alexshd/lawtest/lawtest.go:1486.146,1489.37 2 4
github.com/alexshd/lawtest/lawtest.go:1489.37,1495.32 4 400
github.com/alexshd/lawtest/lawtest.go:1495.32,1499.4 2 0
github.com/alexshd/lawtest/lawtest.go:1502.3,1503.33 2 400
github.com/alexshd/lawtest/lawtest.go:1503.33,1507.4 2 0
github.com/alexshd/lawtest/lawtest.go:1510.2,1510.62 1 4
github.com/alexshd/lawtest/lawtest.go:1523.99,1525.2 1 1
github.com/alexshd/lawtest/lawtest.go:1528.122,1531.37 2 3
github.com/alexshd/lawtest/lawtest.go:1531.37,1537.23 4 300
github.com/alexshd/lawtest/lawtest.go:1537.23,1541.4 2 0
github.com/alexshd/lawtest/lawtest.go:1544.2,1544.61 1 3
github.com/alexshd/lawtest/lawtest.go:1557.97,1559.2 1 1
github.com/alexshd/lawtest/lawtest.go:1562.120,1565.37 2 1
github.com/alexshd/lawtest/lawtest.go:1565.37,1571.19 4 100
github.com/alexshd/lawtest/lawtest.go:1571.19,1575.4 2 0
github.com/alexshd/lawtest/lawtest.go:1578.2,1578.60 1 1
github.com/alexshd/lawtest/lawtest.go:1641.61,1643.2 1 1
github.com/alexshd/lawtest/lawtest.go:1646.84,1649.44 2 1
github.com/alexshd/lawtest/lawtest.go:1649.44,1651.3 1 1
github.com/alexshd/lawtest/lawtest.go:1653.2,1653.39 1 1
github.com/alexshd/lawtest/lawtest.go:1653.39,1655.3 1 1
github.com/alexshd/lawtest/lawtest.go:1657.2,1657.38 1 1
github.com/alexshd/lawtest/lawtest.go:1657.38,1659.3 1 1
github.com/alexshd/lawtest/lawtest.go:1661.2,1661.38 1 1
github.com/alexshd/lawtest/lawtest.go:1661.38,1663.3 1 1
github.com/alexshd/lawtest/lawtest.go:1681.75,1683.2 1 1
github.com/alexshd/lawtest/lawtest.go:1686.98,1690.44 2 1
github.com/alexshd/lawtest/lawtest.go:1690.44,1692.3 1 1
github.com/alexshd/lawtest/lawtest.go:1694.2,1694.39 1 1
github.com/alexshd/lawtest/lawtest.go:1694.39,1696.3 1 1
github.com/alexshd/lawtest/lawtest.go:1698.2,1698.38 1 1
github.com/alexshd/lawtest/lawtest.go:1698.38,1700.3 1 1
github.com/alexshd/lawtest/lawtest.go:1702.2,1702.38 1 1
github.com/alexshd/lawtest/lawtest.go:1702.38,1704.3 1 1
github.com/alexshd/lawtest/lawtest.go:1707.2,1707.44 1 1
github.com/alexshd/lawtest/lawtest.go:1707.44,1709.3 1 1
github.com/alexshd/lawtest/lawtest.go:1772.91,1774.2 1 1
github.com/alexshd/lawtest/lawtest.go:1777.114,1781.59 2 1
github.com/alexshd/lawtest/lawtest.go:1781.59,1783.3 1 1
github.com/alexshd/lawtest/lawtest.go:1785.2,1785.54 1 1
github.com/alexshd/lawtest/lawtest.go:1785.54,1787.3 1 1
github.com/alexshd/lawtest/lawtest.go:1789.2,1789.53 1 1
github.com/alexshd/lawtest/lawtest.go:1789.53,1791.3 1 1
github.com/alexshd/lawtest/lawtest.go:1793.2,1793.59 1 1
github.com/alexshd/lawtest/lawtest.go:1793.59,1795.3 1 1
github.com/alexshd/lawtest/lawtest.go:1798.2,1798.49 1 1
github.com/alexshd/lawtest/lawtest.go:1798.49,1801.38 2 1
github.com/alexshd/lawtest/lawtest.go:1801.38,1804.31 3 100
github.com/alexshd/lawtest/lawtest.go:1804.31,1807.5 2 0
github.com/alexshd/lawtest/lawtest.go:1809.3,1809.52 1 1
github.com/alexshd/lawtest/lawtest.go:1812.2,1812.65 1 1
github.com/alexshd/lawtest/lawtest.go:1812.65,1814.38 1 1
github.com/alexshd/lawtest/lawtest.go:1814.38,1825.33 6 100
github.com/alexshd/lawtest/lawtest.go:1825.33,1829.5 2 0
github.com/alexshd/lawtest/lawtest.go:1831.3,1831.56 1 1
github.com/alexshd/lawtest/lawtest.go:1834.2,1834.65 1 1
github.com/alexshd/lawtest/lawtest.go:1834.65,1836.38 1 1
github.com/alexshd/lawtest/lawtest.go:1836.38,1847.33 6 100
github.com/alexshd/lawtest/lawtest.go:1847.33,1851.5 2 0
github.com/alexshd/lawtest/lawtest.go:1853.3,1853.56 1 1
github.com/alexshd/lawtest/lawtest.go:1856.2,1856.52 1 1
github.com/alexshd/lawtest/lawtest.go:1856.52,1858.38 1 1
github.com/alexshd/lawtest/lawtest.go:1858.38,1869.33 6 100
github.com/alexshd/lawtest/lawtest.go:1869.33,1873.5 2 0
github.com/alexshd/lawtest/lawtest.go:1875.3,1875.53 1 1
github.com/alexshd/lawtest/lawtest.go:1887.83,1890.41 2 1
github.com/alexshd/lawtest/lawtest.go:1890.41,1892.3 1 1
github.com/alexshd/lawtest/lawtest.go:1894.2,1894.46 1 1
github.com/alexshd/lawtest/lawtest.go:1894.46,1902.35 5 1
github.com/alexshd/lawtest/lawtest.go:1902.35,1903.21 1 20
github.com/alexshd/lawtest/lawtest.go:1903.21,1906.5 2 20
github.com/alexshd/lawtest/lawtest.go:1909.3,1909.35 1 1
github.com/alexshd/lawtest/lawtest.go:1909.35,1911.4 1 20
github.com/alexshd/lawtest/lawtest.go:1913.3,1913.34 1 1
github.com/alexshd/lawtest/lawtest.go:1913.34,1914.31 1 20
github.com/alexshd/lawtest/lawtest.go:1914.31,1917.5 2 0
github.com/alexshd/lawtest/lawtest.go:1919.3,1919.69 1 1
github.com/alexshd/lawtest/lawtest_v2.go:65.31,66.25 1 4
github.com/alexshd/lawtest/lawtest_v2.go:66.25,68.3 1 8
github.com/alexshd/lawtest/lawtest_v2.go:77.42,78.25 1 1
github.com/alexshd/lawtest/lawtest_v2.go:78.25,80.3 1 1
github.com/alexshd/lawtest/lawtest_v2.go:84.43,86.25 2 27
github.com/alexshd/lawtest/lawtest_v2.go:86.25,88.3 1 9
github.com/alexshd/lawtest/lawtest_v2.go:89.2,89.12 1 27
github.com/alexshd/lawtest/lawtest_v2.go:127.78,129.2 1 10
github.com/alexshd/lawtest/lawtest_v2.go:136.49,139.2 2 4
github.com/alexshd/lawtest/lawtest_v2.go:143.52,147.37 3 9
github.com/alexshd/lawtest/lawtest_v2.go:147.37,152.28 4 1110
github.com/alexshd/lawtest/lawtest_v2.go:152.28,156.4 2 0
github.com/alexshd/lawtest/lawtest_v2.go:158.2,159.13 2 9
github.com/alexshd/lawtest/lawtest_v2.go:164.52,168.37 3 4
github.com/alexshd/lawtest/lawtest_v2.go:168.37,173.28 4 350
github.com/alexshd/lawtest/lawtest_v2.go:173.28,177.4 2 0
github.com/alexshd/lawtest/lawtest_v2.go:179.2,180.13 2 4
github.com/alexshd/lawtest/lawtest_v2.go:185.61,189.37 3 5
github.com/alexshd/lawtest/lawtest_v2.go:189.37,193.25 3 450
github.com/alexshd/lawtest/lawtest_v2.go:193.25,196.4 2 0
github.com/alexshd/lawtest/lawtest_v2.go:198.3,199.24 2 450
github.com/alexshd/lawtest/lawtest_v2.go:199.24,202.4 2 0
github.com/alexshd/lawtest/lawtest_v2.go:204.2,205.13 2 5
github.com/alexshd/lawtest/lawtest_v2.go:210.76,214.37 3 5
github.com/alexshd/lawtest/lawtest_v2.go:214.37,219.31 4 450
github.com/alexshd/lawtest/lawtest_v2.go:219.31,223.4 2 0
github.com/alexshd/lawtest/lawtest_v2.go:225.3,226.32 2 450
github.com/alexshd/lawtest/lawtest_v2.go:226.32,230.4 2 0
github.com/alexshd/lawtest/lawtest_v2.go:232.2,233.13 2 5
github.com/alexshd/lawtest/lawtest_v2.go:238.50,242.37 3 1
github.com/alexshd/lawtest/lawtest_v2.go:242.37,247.24 4 100
github.com/alexshd/lawtest/lawtest_v2.go:247.24,251.4 2 0
github.com/alexshd/lawtest/lawtest_v2.go:253.2,254.13 2 1
github.com/alexshd/lawtest/lawtest_v2.go:259.74,262.2 2 4
github.com/alexshd/lawtest/lawtest_v2.go:266.81,269.2 2 3
github.com/alexshd/lawtest/lawtest_v2.go:273.50,277.37 3 1
github.com/alexshd/lawtest/lawtest_v2.go:277.37,283.25 4 100
github.com/alexshd/lawtest/lawtest_v2.go:283.25,287.4 2 0
github.com/alexshd/lawtest/lawtest_v2.go:288.3,288.25 1 100
github.com/alexshd/lawtest/lawtest_v2.go:288.25,292.4 2 0
github.com/alexshd/lawtest/lawtest_v2.go:294.2,295.13 2 1
github.com/alexshd/lawtest/lawtest_v2.go:300.69,309.34 6 1
github.com/alexshd/lawtest/lawtest_v2.go:309.34,310.20 1 20
github.com/alexshd/lawtest/lawtest_v2.go:310.20,313.4 2 20
github.com/alexshd/lawtest/lawtest_v2.go:316.2,316.34 1 1
github.com/alexshd/lawtest/lawtest_v2.go:316.34,318.3 1 20
github.com/alexshd/lawtest/lawtest_v2.go:320.2,320.33 1 1
github.com/alexshd/lawtest/lawtest_v2.go:320.33,321.33 1 20
github.com/alexshd/lawtest/lawtest_v2.go:321.33,325.4 2 0
github.com/alexshd/lawtest/lawtest_v2.go:327.2,328.13 2 1
github.com/alexshd/lawtest/lawtest_v2.go:332.38,333.17 1 3580
github.com/alexshd/lawtest/lawtest_v2.go:333.17,335.3 1 3580
github.com/alexshd/lawtest/lawtest_v2.go:337.2,337.25 1 0
github.com/alexshd/lawtest/lawtest_v2.go:364.21,366.2 1 2
github.com/alexshd/lawtest/lawtest_v2.go:369.67,372.2 2 1
github.com/alexshd/lawtest/lawtest_v2.go:384.8,390.42 4 2
github.com/alexshd/lawtest/lawtest_v2.go:390.42,392.3 1 0
github.com/alexshd/lawtest/lawtest_v2.go:395.2,395.47 1 2
github.com/alexshd/lawtest/lawtest_v2.go:395.47,396.38 1 2
github.com/alexshd/lawtest/lawtest_v2.go:396.38,399.29 3 150
github.com/alexshd/lawtest/lawtest_v2.go:399.29,402.5 2 0
github.com/alexshd/lawtest/lawtest_v2.go:404.3,404.41 1 2
github.com/alexshd/lawtest/lawtest_v2.go:408.2,408.63 1 2
github.com/alexshd/lawtest/lawtest_v2.go:408.63,409.38 1 2
github.com/alexshd/lawtest/lawtest_v2.go:409.38,414.29 5 150
github.com/alexshd/lawtest/lawtest_v2.go:414.29,417.5 2 0
github.com/alexshd/lawtest/lawtest_v2.go:419.3,419.71 1 2
github.com/alexshd/lawtest/lawtest_v2.go:423.2,423.63 1 2
github.com/alexshd/lawtest/lawtest_v2.go:423.63,424.38 1 2
github.com/alexshd/lawtest/lawtest_v2.go:424.38,429.29 5 150
github.com/alexshd/lawtest/lawtest_v2.go:429.29,432.5 2 0
github.com/alexshd/lawtest/lawtest_v2.go:434.3,434.71 1 2
github.com/alexshd/lawtest/lawtest_v2.go:438.2,438.53 1 2
github.com/alexshd/lawtest/lawtest_v2.go:438.53,439.38 1 2
github.com/alexshd/lawtest/lawtest_v2.go:439.38,444.29 5 150
github.com/alexshd/lawtest/lawtest_v2.go:444.29,447.5 2 0
github.com/alexshd/lawtest/lawtest_v2.go:449.3,449.60 1 2
github.com/alexshd/lawtest/lawtest_v2.go:452.2,452.13 1 2
